// Jest Snapshot v1, https://goo.gl/fbAQLP

exports[`Hotel component matches the snapshot 1`] = `
<li
  className="hotel media"
>
  <img
    alt="Testing Hotel"
    className="align-self-start mr-3"
    src="https://images"
  />
  <div
    className="media-body"
  >
    <h1
      className="mt-0"
    >
      Testing Hotel
    </h1>
    <span>
      3
      <i
        className="fas fa-star"
      />
    </span>
    <p>
      <span>
        car park
         
      </span>
      <span>
        restaurant
         
      </span>
      <span>
        bar
         
      </span>
    </p>
  </div>
</li>
`;

exports[`Hotels component matches the snapshot 1`] = `
<li
  className="hotel media"
>
  <img
    alt="Testing Hotel"
    className="align-self-start mr-3"
    src="https://images"
  />
  <div
    className="media-body"
  >
    <h1
      className="mt-0"
    >
      Testing Hotel
    </h1>
    <span>
      3
      <i
        className="fas fa-star"
      />
    </span>
    <p>
      <span>
        car park
         
      </span>
      <span>
        restaurant
         
      </span>
      <span>
        bar
         
      </span>
    </p>
  </div>
</li>
`;
