// Jest Snapshot v1, https://goo.gl/fbAQLP

exports[`Sorting component matches the snapshot 1`] = `
<div
  className="form-group sorting"
>
  <label>
    Sort by: 
    <b>
      Star Rating
    </b>
  </label>
  <select
    className="form-control col-md-2"
    onChange={[Function]}
  >
    <option
      value="0"
    >
      Choose...
    </option>
    <option
      value="-1"
    >
      High to Low
    </option>
    <option
      value="1"
    >
      Low to High
    </option>
  </select>
</div>
`;
